// Jest Snapshot v1, https://goo.gl/fbAQLP

exports[`BackButton  renders correctly 1`] = `
<button
  class="MuiButtonBase-root MuiButton-root MuiButton-text Button BackButton"
  tabindex="0"
  type="button"
>
  <span
    class="MuiButton-label"
  >
    <svg
      aria-hidden="true"
      class="MuiSvgIcon-root"
      focusable="false"
      viewBox="0 0 24 24"
    >
      <path
        d="M20 11H7.83l5.59-5.59L12 4l-8 8 8 8 1.41-1.41L7.83 13H20v-2z"
      />
    </svg>
  </span>
</button>
`;
